mLast login: Wed Aug 28 09:48:37 on ttys000
(base) huwendengdeMacBook-Pro:~ huwendeng$ cd Documents/GitHub/pipeline-huwendeng/
(base) huwendengdeMacBook-Pro:pipeline-huwendeng huwendeng$ git status
On branch master
Your branch is up to date with 'origin/master'.

Untracked files:
  (use "git add <file>..." to include in what will be committed)

	csv2html.py
	csv2json.py
	csv2xml.py
	json2csv.py
	mycsv.py
	xml2csv.py

nothing added to commit but untracked files present (use "git add" to track)
(base) huwendengdeMacBook-Pro:pipeline-huwendeng huwendeng$ git add csv2html.py
(base) huwendengdeMacBook-Pro:pipeline-huwendeng huwendeng$ git add csv2
csv2html.py  csv2json.py  csv2xml.py
(base) huwendengdeMacBook-Pro:pipeline-huwendeng huwendeng$ git add csv2xml.py
(base) huwendengdeMacBook-Pro:pipeline-huwendeng huwendeng$ git add csv2json.py (base) huwendengdeMacBook-Pro:pipeline-huwendeng huwendeng$ git add mycsv.py
(base) huwendengdeMacBook-Pro:pipeline-huwendeng huwendeng$ git add json2csv.py
(base) huwendengdeMacBook-Pro:pipeline-huwendeng huwendeng$ git add xml2csv.py
(base) huwendengdeMacBook-Pro:pipeline-huwendeng huwendeng$ git status
On branch master
Your branch is up to date with 'origin/master'.

Changes to be committed:
  (use "git reset HEAD <file>..." to unstage)

	new file:   csv2html.py
	new file:   csv2json.py
	new file:   csv2xml.py
	new file:   json2csv.py
	new file:   mycsv.py
	new file:   xml2csv.py

(base) huwendengdeMacBook-Pro:pipeline-huwendeng huwendeng$ git commit -m "project 1""
> ^C
(base) huwendengdeMacBook-Pro:pipeline-huwendeng huwendeng$ git commit -m "project 1"
[master ca5e4f6] project 1
 6 files changed, 149 insertions(+)
 create mode 100644 csv2html.py
 create mode 100644 csv2json.py
 create mode 100644 csv2xml.py
 create mode 100644 json2csv.py
 create mode 100644 mycsv.py
 create mode 100644 xml2csv.py
(base) huwendengdeMacBook-Pro:pipeline-huwendeng huwendeng$ git push origin master
Enumerating objects: 9, done.
Counting objects: 100% (9/9), done.
Delta compression using up to 8 threads
Compressing objects: 100% (8/8), done.
Writing objects: 100% (8/8), 2.24 KiB | 1.12 MiB/s, done.
Total 8 (delta 0), reused 0 (delta 0)
To https://github.com/USF-MSDS692/pipeline-huwendeng.git
   77fec84..ca5e4f6  master -> master
(base) huwendengdeMacBook-Pro:pipeline-huwendeng huwendeng$